#-----------------------------------------------------------
# Vivado v2015.2 (64-bit)
# SW Build 1266856 on Fri Jun 26 16:35:25 MDT 2015
# IP Build 1264090 on Wed Jun 24 14:22:01 MDT 2015
# Start of session at: Fri Dec 28 03:44:51 2018
# Process ID: 22280
# Log file: D:/Sophomore/ECOP-2018/ECOP-17343155-03/CPU_imp/vivado.log
# Journal file: D:/Sophomore/ECOP-2018/ECOP-17343155-03/CPU_imp\vivado.jou
#-----------------------------------------------------------
start_gui
open_project D:/Sophomore/ECOP-2018/ECOP-17343155-03/CPU_imp/CPU_imp.xpr
launch_simulation
source CPU_sim.tcl
run 2000 ns
run 2000 ns
run 2000 ns
run 2000 ns
run 2000 ns
run 2000 ns
open_hw
connect_hw_server
open_hw_target [lindex [get_hw_targets -of_objects [get_hw_servers localhost]] 0]
set_property PROGRAM.FILE {D:/Sophomore/ECOP-2018/ECOP-17343155-03/CPU_imp/CPU_imp.runs/impl_1/imptop.bit} [lindex [get_hw_devices] 0]
current_hw_device [lindex [get_hw_devices] 0]
refresh_hw_device -update_hw_probes false [lindex [get_hw_devices] 0]
set_property PROBES.FILE {} [lindex [get_hw_devices] 0]
set_property PROGRAM.FILE {D:/Sophomore/ECOP-2018/ECOP-17343155-03/CPU_imp/CPU_imp.runs/impl_1/imptop.bit} [lindex [get_hw_devices] 0]
program_hw_devices [lindex [get_hw_devices] 0]
refresh_hw_device [lindex [get_hw_devices] 0]
close_sim
